// Jest Snapshot v1, https://goo.gl/fbAQLP

exports[`<SomeComponent /> should render default title and body 1`] = `
<div>
  <h1>
    Hello!
  </h1>
  <p>
    Hello, world!
  </p>
</div>
`;
